// Vitest Snapshot v1, https://vitest.dev/guide/snapshot.html

exports[`nation gold per minute > world map, impossible nations, 20 minutes 1`] = `
{
  "aliveNations": 61,
  "perMinute": [
    {
      "cities": 61,
      "factories": 0,
      "minute": 1,
      "ports": 1,
      "shipsArrived": 0,
      "tradeGold": 0,
      "tradeShipsAtSea": 0,
      "trainGold": 0,
      "trainStops": 0,
      "trainsRunning": 0,
    },
    {
      "cities": 61,
      "factories": 27,
      "minute": 2,
      "ports": 34,
      "shipsArrived": 6,
      "tradeGold": 296600,
      "tradeShipsAtSea": 86,
      "trainGold": 5650000,
      "trainStops": 145,
      "trainsRunning": 154,
    },
    {
      "cities": 61,
      "factories": 27,
      "minute": 3,
      "ports": 34,
      "shipsArrived": 57,
      "tradeGold": 7794000,
      "tradeShipsAtSea": 183,
      "trainGold": 13480000,
      "trainStops": 311,
      "trainsRunning": 231,
    },
    {
      "cities": 61,
      "factories": 27,
      "minute": 4,
      "ports": 34,
      "shipsArrived": 128,
      "tradeGold": 25510000,
      "tradeShipsAtSea": 221,
      "trainGold": 19950000,
      "trainStops": 439,
      "trainsRunning": 287,
    },
    {
      "cities": 61,
      "factories": 27,
      "minute": 5,
      "ports": 34,
      "shipsArrived": 143,
      "tradeGold": 32540000,
      "tradeShipsAtSea": 245,
      "trainGold": 19930000,
      "trainStops": 445,
      "trainsRunning": 273,
    },
    {
      "cities": 61,
      "factories": 28,
      "minute": 6,
      "ports": 34,
      "shipsArrived": 169,
      "tradeGold": 38630000,
      "tradeShipsAtSea": 260,
      "trainGold": 20290000,
      "trainStops": 465,
      "trainsRunning": 273,
    },
    {
      "cities": 61,
      "factories": 29,
      "minute": 7,
      "ports": 34,
      "shipsArrived": 155,
      "tradeGold": 35040000,
      "tradeShipsAtSea": 279,
      "trainGold": 19770000,
      "trainStops": 458,
      "trainsRunning": 273,
    },
    {
      "cities": 61,
      "factories": 31,
      "minute": 8,
      "ports": 34,
      "shipsArrived": 178,
      "tradeGold": 38900000,
      "tradeShipsAtSea": 266,
      "trainGold": 22580000,
      "trainStops": 505,
      "trainsRunning": 266,
    },
    {
      "cities": 61,
      "factories": 32,
      "minute": 9,
      "ports": 34,
      "shipsArrived": 196,
      "tradeGold": 42020000,
      "tradeShipsAtSea": 271,
      "trainGold": 20840000,
      "trainStops": 481,
      "trainsRunning": 224,
    },
    {
      "cities": 61,
      "factories": 37,
      "minute": 10,
      "ports": 34,
      "shipsArrived": 198,
      "tradeGold": 42290000,
      "tradeShipsAtSea": 271,
      "trainGold": 21990000,
      "trainStops": 502,
      "trainsRunning": 266,
    },
    {
      "cities": 62,
      "factories": 38,
      "minute": 11,
      "ports": 33,
      "shipsArrived": 178,
      "tradeGold": 40790000,
      "tradeShipsAtSea": 293,
      "trainGold": 23780000,
      "trainStops": 533,
      "trainsRunning": 322,
    },
    {
      "cities": 62,
      "factories": 41,
      "minute": 12,
      "ports": 34,
      "shipsArrived": 206,
      "tradeGold": 43820000,
      "tradeShipsAtSea": 296,
      "trainGold": 27070000,
      "trainStops": 601,
      "trainsRunning": 350,
    },
    {
      "cities": 62,
      "factories": 44,
      "minute": 13,
      "ports": 34,
      "shipsArrived": 204,
      "tradeGold": 43300000,
      "tradeShipsAtSea": 323,
      "trainGold": 28630000,
      "trainStops": 636,
      "trainsRunning": 371,
    },
    {
      "cities": 62,
      "factories": 46,
      "minute": 14,
      "ports": 34,
      "shipsArrived": 211,
      "tradeGold": 47020000,
      "tradeShipsAtSea": 342,
      "trainGold": 30180000,
      "trainStops": 658,
      "trainsRunning": 364,
    },
    {
      "cities": 62,
      "factories": 47,
      "minute": 15,
      "ports": 34,
      "shipsArrived": 244,
      "tradeGold": 55170000,
      "tradeShipsAtSea": 334,
      "trainGold": 32070000,
      "trainStops": 699,
      "trainsRunning": 378,
    },
    {
      "cities": 62,
      "factories": 51,
      "minute": 16,
      "ports": 34,
      "shipsArrived": 236,
      "tradeGold": 54240000,
      "tradeShipsAtSea": 339,
      "trainGold": 27890000,
      "trainStops": 626,
      "trainsRunning": 371,
    },
    {
      "cities": 62,
      "factories": 51,
      "minute": 17,
      "ports": 34,
      "shipsArrived": 231,
      "tradeGold": 49300000,
      "tradeShipsAtSea": 380,
      "trainGold": 29910000,
      "trainStops": 661,
      "trainsRunning": 399,
    },
    {
      "cities": 62,
      "factories": 51,
      "minute": 18,
      "ports": 34,
      "shipsArrived": 232,
      "tradeGold": 55570000,
      "tradeShipsAtSea": 392,
      "trainGold": 33220000,
      "trainStops": 724,
      "trainsRunning": 385,
    },
    {
      "cities": 62,
      "factories": 52,
      "minute": 19,
      "ports": 34,
      "shipsArrived": 256,
      "tradeGold": 58680000,
      "tradeShipsAtSea": 397,
      "trainGold": 31070000,
      "trainStops": 687,
      "trainsRunning": 406,
    },
    {
      "cities": 62,
      "factories": 53,
      "minute": 20,
      "ports": 34,
      "shipsArrived": 272,
      "tradeGold": 60600000,
      "tradeShipsAtSea": 437,
      "trainGold": 34170000,
      "trainStops": 741,
      "trainsRunning": 413,
    },
  ],
  "totals": {
    "shipsArrived": 3500,
    "tradeGold": 771500000,
    "trainGold": 462500000,
    "trainStops": 10317,
  },
}
`;
