// Vitest Snapshot v1, https://vitest.dev/guide/snapshot.html

exports[`nation gold per minute > world map, impossible nations, 20 minutes 1`] = `
{
  "aliveNations": 58,
  "perMinute": [
    {
      "cities": 115,
      "factories": 33,
      "minute": 1,
      "ports": 88,
      "shipsArrived": 9,
      "tradeGold": 147700,
      "tradeShipsAtSea": 195,
      "trainGold": 5330000,
      "trainStops": 137,
      "trainsRunning": 224,
    },
    {
      "cities": 176,
      "factories": 71,
      "minute": 2,
      "ports": 106,
      "shipsArrived": 117,
      "tradeGold": 20400000,
      "tradeShipsAtSea": 687,
      "trainGold": 29890000,
      "trainStops": 649,
      "trainsRunning": 413,
    },
    {
      "cities": 174,
      "factories": 74,
      "minute": 3,
      "ports": 104,
      "shipsArrived": 433,
      "tradeGold": 85700000,
      "tradeShipsAtSea": 1057,
      "trainGold": 44730000,
      "trainStops": 968,
      "trainsRunning": 560,
    },
    {
      "cities": 186,
      "factories": 76,
      "minute": 4,
      "ports": 111,
      "shipsArrived": 669,
      "tradeGold": 149000000,
      "tradeShipsAtSea": 1135,
      "trainGold": 49590000,
      "trainStops": 1107,
      "trainsRunning": 518,
    },
    {
      "cities": 189,
      "factories": 79,
      "minute": 5,
      "ports": 116,
      "shipsArrived": 696,
      "tradeGold": 170300000,
      "tradeShipsAtSea": 1183,
      "trainGold": 52610000,
      "trainStops": 1150,
      "trainsRunning": 630,
    },
    {
      "cities": 192,
      "factories": 80,
      "minute": 6,
      "ports": 121,
      "shipsArrived": 720,
      "tradeGold": 173200000,
      "tradeShipsAtSea": 1277,
      "trainGold": 58270000,
      "trainStops": 1274,
      "trainsRunning": 602,
    },
    {
      "cities": 198,
      "factories": 86,
      "minute": 7,
      "ports": 124,
      "shipsArrived": 758,
      "tradeGold": 178100000,
      "tradeShipsAtSea": 1337,
      "trainGold": 49000000,
      "trainStops": 1093,
      "trainsRunning": 679,
    },
    {
      "cities": 194,
      "factories": 86,
      "minute": 8,
      "ports": 118,
      "shipsArrived": 791,
      "tradeGold": 198100000,
      "tradeShipsAtSea": 1354,
      "trainGold": 54630000,
      "trainStops": 1203,
      "trainsRunning": 686,
    },
    {
      "cities": 194,
      "factories": 90,
      "minute": 9,
      "ports": 120,
      "shipsArrived": 808,
      "tradeGold": 191200000,
      "tradeShipsAtSea": 1408,
      "trainGold": 55080000,
      "trainStops": 1234,
      "trainsRunning": 630,
    },
    {
      "cities": 196,
      "factories": 90,
      "minute": 10,
      "ports": 121,
      "shipsArrived": 840,
      "tradeGold": 206400000,
      "tradeShipsAtSea": 1389,
      "trainGold": 50630000,
      "trainStops": 1137,
      "trainsRunning": 567,
    },
    {
      "cities": 204,
      "factories": 92,
      "minute": 11,
      "ports": 127,
      "shipsArrived": 842,
      "tradeGold": 205300000,
      "tradeShipsAtSea": 1428,
      "trainGold": 49190000,
      "trainStops": 1111,
      "trainsRunning": 602,
    },
    {
      "cities": 205,
      "factories": 93,
      "minute": 12,
      "ports": 127,
      "shipsArrived": 801,
      "tradeGold": 197700000,
      "tradeShipsAtSea": 1464,
      "trainGold": 54490000,
      "trainStops": 1214,
      "trainsRunning": 588,
    },
    {
      "cities": 205,
      "factories": 93,
      "minute": 13,
      "ports": 127,
      "shipsArrived": 826,
      "tradeGold": 209300000,
      "tradeShipsAtSea": 1502,
      "trainGold": 50920000,
      "trainStops": 1156,
      "trainsRunning": 602,
    },
    {
      "cities": 205,
      "factories": 93,
      "minute": 14,
      "ports": 129,
      "shipsArrived": 876,
      "tradeGold": 215100000,
      "tradeShipsAtSea": 1491,
      "trainGold": 47690000,
      "trainStops": 1092,
      "trainsRunning": 532,
    },
    {
      "cities": 206,
      "factories": 96,
      "minute": 15,
      "ports": 130,
      "shipsArrived": 858,
      "tradeGold": 213400000,
      "tradeShipsAtSea": 1487,
      "trainGold": 44620000,
      "trainStops": 1020,
      "trainsRunning": 602,
    },
    {
      "cities": 206,
      "factories": 96,
      "minute": 16,
      "ports": 130,
      "shipsArrived": 819,
      "tradeGold": 207800000,
      "tradeShipsAtSea": 1548,
      "trainGold": 47870000,
      "trainStops": 1095,
      "trainsRunning": 644,
    },
    {
      "cities": 207,
      "factories": 97,
      "minute": 17,
      "ports": 131,
      "shipsArrived": 880,
      "tradeGold": 217000000,
      "tradeShipsAtSea": 1564,
      "trainGold": 50480000,
      "trainStops": 1140,
      "trainsRunning": 609,
    },
    {
      "cities": 207,
      "factories": 99,
      "minute": 18,
      "ports": 134,
      "shipsArrived": 877,
      "tradeGold": 220200000,
      "tradeShipsAtSea": 1579,
      "trainGold": 57040000,
      "trainStops": 1278,
      "trainsRunning": 693,
    },
    {
      "cities": 209,
      "factories": 102,
      "minute": 19,
      "ports": 134,
      "shipsArrived": 905,
      "tradeGold": 223700000,
      "tradeShipsAtSea": 1583,
      "trainGold": 58610000,
      "trainStops": 1296,
      "trainsRunning": 714,
    },
    {
      "cities": 209,
      "factories": 103,
      "minute": 20,
      "ports": 134,
      "shipsArrived": 934,
      "tradeGold": 233400000,
      "tradeShipsAtSea": 1590,
      "trainGold": 58430000,
      "trainStops": 1298,
      "trainsRunning": 651,
    },
  ],
  "totals": {
    "shipsArrived": 14459,
    "tradeGold": 3515000000,
    "trainGold": 969100000,
    "trainStops": 21652,
  },
}
`;
