// Vitest Snapshot v1, https://vitest.dev/guide/snapshot.html

exports[`nation gold per minute > world map, impossible nations, 20 minutes 1`] = `
{
  "aliveNations": 39,
  "perMinute": [
    {
      "cities": 0,
      "factories": 0,
      "minute": 1,
      "ports": 0,
      "shipsArrived": 0,
      "tradeGold": 0,
      "tradeShipsAtSea": 0,
      "trainGold": 0,
      "trainStops": 0,
      "trainsRunning": 0,
    },
    {
      "cities": 60,
      "factories": 0,
      "minute": 2,
      "ports": 2,
      "shipsArrived": 0,
      "tradeGold": 0,
      "tradeShipsAtSea": 0,
      "trainGold": 0,
      "trainStops": 0,
      "trainsRunning": 0,
    },
    {
      "cities": 63,
      "factories": 0,
      "minute": 3,
      "ports": 5,
      "shipsArrived": 6,
      "tradeGold": 124500,
      "tradeShipsAtSea": 10,
      "trainGold": 0,
      "trainStops": 0,
      "trainsRunning": 0,
    },
    {
      "cities": 108,
      "factories": 4,
      "minute": 4,
      "ports": 42,
      "shipsArrived": 3,
      "tradeGold": 579400,
      "tradeShipsAtSea": 97,
      "trainGold": 1100000,
      "trainStops": 22,
      "trainsRunning": 21,
    },
    {
      "cities": 116,
      "factories": 7,
      "minute": 5,
      "ports": 54,
      "shipsArrived": 43,
      "tradeGold": 7582000,
      "tradeShipsAtSea": 242,
      "trainGold": 1240000,
      "trainStops": 26,
      "trainsRunning": 28,
    },
    {
      "cities": 128,
      "factories": 12,
      "minute": 6,
      "ports": 72,
      "shipsArrived": 138,
      "tradeGold": 32070000,
      "tradeShipsAtSea": 263,
      "trainGold": 3540000,
      "trainStops": 68,
      "trainsRunning": 49,
    },
    {
      "cities": 139,
      "factories": 18,
      "minute": 7,
      "ports": 79,
      "shipsArrived": 146,
      "tradeGold": 33840000,
      "tradeShipsAtSea": 311,
      "trainGold": 4960000,
      "trainStops": 101,
      "trainsRunning": 70,
    },
    {
      "cities": 136,
      "factories": 21,
      "minute": 8,
      "ports": 90,
      "shipsArrived": 157,
      "tradeGold": 39180000,
      "tradeShipsAtSea": 295,
      "trainGold": 6710000,
      "trainStops": 172,
      "trainsRunning": 70,
    },
    {
      "cities": 134,
      "factories": 24,
      "minute": 9,
      "ports": 91,
      "shipsArrived": 174,
      "tradeGold": 41570000,
      "tradeShipsAtSea": 330,
      "trainGold": 5680000,
      "trainStops": 142,
      "trainsRunning": 63,
    },
    {
      "cities": 134,
      "factories": 24,
      "minute": 10,
      "ports": 93,
      "shipsArrived": 165,
      "tradeGold": 41790000,
      "tradeShipsAtSea": 364,
      "trainGold": 6300000,
      "trainStops": 167,
      "trainsRunning": 133,
    },
    {
      "cities": 135,
      "factories": 29,
      "minute": 11,
      "ports": 95,
      "shipsArrived": 205,
      "tradeGold": 53130000,
      "tradeShipsAtSea": 343,
      "trainGold": 9800000,
      "trainStops": 251,
      "trainsRunning": 98,
    },
    {
      "cities": 132,
      "factories": 29,
      "minute": 12,
      "ports": 94,
      "shipsArrived": 179,
      "tradeGold": 45530000,
      "tradeShipsAtSea": 389,
      "trainGold": 5570000,
      "trainStops": 178,
      "trainsRunning": 98,
    },
    {
      "cities": 125,
      "factories": 29,
      "minute": 13,
      "ports": 92,
      "shipsArrived": 238,
      "tradeGold": 56700000,
      "tradeShipsAtSea": 369,
      "trainGold": 10050000,
      "trainStops": 265,
      "trainsRunning": 140,
    },
    {
      "cities": 121,
      "factories": 30,
      "minute": 14,
      "ports": 90,
      "shipsArrived": 217,
      "tradeGold": 49290000,
      "tradeShipsAtSea": 349,
      "trainGold": 8520000,
      "trainStops": 239,
      "trainsRunning": 140,
    },
    {
      "cities": 120,
      "factories": 31,
      "minute": 15,
      "ports": 90,
      "shipsArrived": 196,
      "tradeGold": 44860000,
      "tradeShipsAtSea": 382,
      "trainGold": 7620000,
      "trainStops": 219,
      "trainsRunning": 77,
    },
    {
      "cities": 121,
      "factories": 34,
      "minute": 16,
      "ports": 92,
      "shipsArrived": 219,
      "tradeGold": 50910000,
      "tradeShipsAtSea": 425,
      "trainGold": 5830000,
      "trainStops": 182,
      "trainsRunning": 203,
    },
    {
      "cities": 121,
      "factories": 38,
      "minute": 17,
      "ports": 92,
      "shipsArrived": 243,
      "tradeGold": 53520000,
      "tradeShipsAtSea": 484,
      "trainGold": 9430000,
      "trainStops": 279,
      "trainsRunning": 147,
    },
    {
      "cities": 119,
      "factories": 40,
      "minute": 18,
      "ports": 93,
      "shipsArrived": 286,
      "tradeGold": 67740000,
      "tradeShipsAtSea": 510,
      "trainGold": 10630000,
      "trainStops": 286,
      "trainsRunning": 196,
    },
    {
      "cities": 117,
      "factories": 45,
      "minute": 19,
      "ports": 88,
      "shipsArrived": 281,
      "tradeGold": 67090000,
      "tradeShipsAtSea": 456,
      "trainGold": 11700000,
      "trainStops": 321,
      "trainsRunning": 175,
    },
    {
      "cities": 117,
      "factories": 47,
      "minute": 20,
      "ports": 92,
      "shipsArrived": 272,
      "tradeGold": 65580000,
      "tradeShipsAtSea": 420,
      "trainGold": 14590000,
      "trainStops": 371,
      "trainsRunning": 224,
    },
  ],
  "totals": {
    "shipsArrived": 3168,
    "tradeGold": 751100000,
    "trainGold": 123300000,
    "trainStops": 3289,
  },
}
`;
